OSS_CVC_7.00b-x86_64-rhel6x of 07/07/14 (Linux-elf).
Copyright (c) 1991-2014 Tachyon Design Automation Corp.
  All Rights reserved.  Licensed software subject to prohibitions and
  restrictions.  See OSS CVC artistic license included with release.
Today is Sat Jun  6 20:21:34 2026.
Elaborating source file "/mnt/c/Users/rishi/rrsethur_CSE127AB/Open_Memory_Manager/gf180mcu/gf180mcuD/libs.ref/gf180mcu_fd_sc_mcu7t5v0/verilog/primitives.v"
Elaborating source file "chip_top_tb_gl.v"
**chip_top_tb_gl.v(50) ERROR** [933] unable to open `include file sdf_file_define.vh - not found in any +incdir+
Elaborating source file "../final/pnl/chip_top.pnl.v"
**/mnt/c/Users/rishi/rrsethur_CSE127AB/Open_Memory_Manager/cocotb/cvc_models/gf180mcu_fd_io.cvc.v(17) WARN** [654] text macro `suppress_faults undefined or possibly compiler directive for other tool - ignored
**/mnt/c/Users/rishi/rrsethur_CSE127AB/Open_Memory_Manager/cocotb/cvc_models/gf180mcu_fd_io.cvc.v(18) WARN** [654] text macro `enable_portfaults undefined or possibly compiler directive for other tool - ignored
**/mnt/c/Users/rishi/rrsethur_CSE127AB/Open_Memory_Manager/cocotb/cvc_models/gf180mcu_fd_io.cvc.v(54) WARN** [654] text macro `suppress_faults undefined or possibly compiler directive for other tool - ignored
**/mnt/c/Users/rishi/rrsethur_CSE127AB/Open_Memory_Manager/cocotb/cvc_models/gf180mcu_fd_io.cvc.v(55) WARN** [654] text macro `enable_portfaults undefined or possibly compiler directive for other tool - ignored
**/mnt/c/Users/rishi/rrsethur_CSE127AB/Open_Memory_Manager/cocotb/cvc_models/gf180mcu_fd_io.cvc.v(121) WARN** [654] text macro `suppress_faults undefined or possibly compiler directive for other tool - ignored
**/mnt/c/Users/rishi/rrsethur_CSE127AB/Open_Memory_Manager/cocotb/cvc_models/gf180mcu_fd_io.cvc.v(122) WARN** [654] text macro `enable_portfaults undefined or possibly compiler directive for other tool - ignored
**/mnt/c/Users/rishi/rrsethur_CSE127AB/Open_Memory_Manager/cocotb/cvc_models/gf180mcu_fd_io.cvc.v(208) WARN** [654] text macro `suppress_faults undefined or possibly compiler directive for other tool - ignored
**/mnt/c/Users/rishi/rrsethur_CSE127AB/Open_Memory_Manager/cocotb/cvc_models/gf180mcu_fd_io.cvc.v(209) WARN** [654] text macro `enable_portfaults undefined or possibly compiler directive for other tool - ignored
**/mnt/c/Users/rishi/rrsethur_CSE127AB/Open_Memory_Manager/cocotb/cvc_models/gf180mcu_fd_io.cvc.v(241) WARN** [654] text macro `suppress_faults undefined or possibly compiler directive for other tool - ignored
**/mnt/c/Users/rishi/rrsethur_CSE127AB/Open_Memory_Manager/cocotb/cvc_models/gf180mcu_fd_io.cvc.v(242) WARN** [654] text macro `enable_portfaults undefined or possibly compiler directive for other tool - ignored
**/mnt/c/Users/rishi/rrsethur_CSE127AB/Open_Memory_Manager/cocotb/cvc_models/gf180mcu_fd_io.cvc.v(274) WARN** [654] text macro `suppress_faults undefined or possibly compiler directive for other tool - ignored
**/mnt/c/Users/rishi/rrsethur_CSE127AB/Open_Memory_Manager/cocotb/cvc_models/gf180mcu_fd_io.cvc.v(275) WARN** [654] text macro `enable_portfaults undefined or possibly compiler directive for other tool - ignored
**/mnt/c/Users/rishi/rrsethur_CSE127AB/Open_Memory_Manager/cocotb/cvc_models/gf180mcu_fd_io.cvc.v(310) WARN** [654] text macro `suppress_faults undefined or possibly compiler directive for other tool - ignored
**/mnt/c/Users/rishi/rrsethur_CSE127AB/Open_Memory_Manager/cocotb/cvc_models/gf180mcu_fd_io.cvc.v(311) WARN** [654] text macro `enable_portfaults undefined or possibly compiler directive for other tool - ignored
**/mnt/c/Users/rishi/rrsethur_CSE127AB/Open_Memory_Manager/cocotb/cvc_models/gf180mcu_fd_io.cvc.v(346) WARN** [654] text macro `suppress_faults undefined or possibly compiler directive for other tool - ignored
**/mnt/c/Users/rishi/rrsethur_CSE127AB/Open_Memory_Manager/cocotb/cvc_models/gf180mcu_fd_io.cvc.v(347) WARN** [654] text macro `enable_portfaults undefined or possibly compiler directive for other tool - ignored
**/mnt/c/Users/rishi/rrsethur_CSE127AB/Open_Memory_Manager/cocotb/cvc_models/gf180mcu_fd_io.cvc.v(382) WARN** [654] text macro `suppress_faults undefined or possibly compiler directive for other tool - ignored
**/mnt/c/Users/rishi/rrsethur_CSE127AB/Open_Memory_Manager/cocotb/cvc_models/gf180mcu_fd_io.cvc.v(383) WARN** [654] text macro `enable_portfaults undefined or possibly compiler directive for other tool - ignored
**/mnt/c/Users/rishi/rrsethur_CSE127AB/Open_Memory_Manager/cocotb/cvc_models/gf180mcu_fd_io.cvc.v(418) WARN** [654] text macro `suppress_faults undefined or possibly compiler directive for other tool - ignored
**/mnt/c/Users/rishi/rrsethur_CSE127AB/Open_Memory_Manager/cocotb/cvc_models/gf180mcu_fd_io.cvc.v(419) WARN** [654] text macro `enable_portfaults undefined or possibly compiler directive for other tool - ignored
**/mnt/c/Users/rishi/rrsethur_CSE127AB/Open_Memory_Manager/cocotb/cvc_models/gf180mcu_fd_io.cvc.v(454) WARN** [654] text macro `suppress_faults undefined or possibly compiler directive for other tool - ignored
**/mnt/c/Users/rishi/rrsethur_CSE127AB/Open_Memory_Manager/cocotb/cvc_models/gf180mcu_fd_io.cvc.v(455) WARN** [654] text macro `enable_portfaults undefined or possibly compiler directive for other tool - ignored
**/mnt/c/Users/rishi/rrsethur_CSE127AB/Open_Memory_Manager/cocotb/cvc_models/gf180mcu_fd_io.cvc.v(490) WARN** [654] text macro `suppress_faults undefined or possibly compiler directive for other tool - ignored
**/mnt/c/Users/rishi/rrsethur_CSE127AB/Open_Memory_Manager/cocotb/cvc_models/gf180mcu_fd_io.cvc.v(491) WARN** [654] text macro `enable_portfaults undefined or possibly compiler directive for other tool - ignored
**/mnt/c/Users/rishi/rrsethur_CSE127AB/Open_Memory_Manager/cocotb/cvc_models/gf180mcu_fd_io.cvc.v(526) WARN** [654] text macro `suppress_faults undefined or possibly compiler directive for other tool - ignored
**/mnt/c/Users/rishi/rrsethur_CSE127AB/Open_Memory_Manager/cocotb/cvc_models/gf180mcu_fd_io.cvc.v(527) WARN** [654] text macro `enable_portfaults undefined or possibly compiler directive for other tool - ignored
**/mnt/c/Users/rishi/rrsethur_CSE127AB/Open_Memory_Manager/cocotb/cvc_models/gf180mcu_fd_io.cvc.v(572) WARN** [654] text macro `suppress_faults undefined or possibly compiler directive for other tool - ignored
**/mnt/c/Users/rishi/rrsethur_CSE127AB/Open_Memory_Manager/cocotb/cvc_models/gf180mcu_fd_io.cvc.v(573) WARN** [654] text macro `enable_portfaults undefined or possibly compiler directive for other tool - ignored
**/mnt/c/Users/rishi/rrsethur_CSE127AB/Open_Memory_Manager/cocotb/cvc_models/gf180mcu_ws_io.cvc.v(17) WARN** [654] text macro `suppress_faults undefined or possibly compiler directive for other tool - ignored
**/mnt/c/Users/rishi/rrsethur_CSE127AB/Open_Memory_Manager/cocotb/cvc_models/gf180mcu_ws_io.cvc.v(18) WARN** [654] text macro `enable_portfaults undefined or possibly compiler directive for other tool - ignored
**/mnt/c/Users/rishi/rrsethur_CSE127AB/Open_Memory_Manager/cocotb/cvc_models/gf180mcu_ws_io.cvc.v(53) WARN** [654] text macro `suppress_faults undefined or possibly compiler directive for other tool - ignored
**/mnt/c/Users/rishi/rrsethur_CSE127AB/Open_Memory_Manager/cocotb/cvc_models/gf180mcu_ws_io.cvc.v(54) WARN** [654] text macro `enable_portfaults undefined or possibly compiler directive for other tool - ignored
**../final/pnl/chip_top.pnl.v(711955) WARN** [531] chip_id(gf180mcu_ws_ip__id) implicit connection list fewer ports 0 connected than type's 1
**../final/pnl/chip_top.pnl.v(714194) WARN** [531] clkload0(gf180mcu_fd_sc_mcu7t5v0__clkbuf_8) explicit connection list fewer ports 5 connected than type's 6
**../final/pnl/chip_top.pnl.v(714199) WARN** [531] clkload1(gf180mcu_fd_sc_mcu7t5v0__inv_20) explicit connection list fewer ports 5 connected than type's 6
**../final/pnl/chip_top.pnl.v(714204) WARN** [531] clkload10(gf180mcu_fd_sc_mcu7t5v0__clkinv_2) explicit connection list fewer ports 5 connected than type's 6
**../final/pnl/chip_top.pnl.v(714209) WARN** [531] clkload100(gf180mcu_fd_sc_mcu7t5v0__clkbuf_2) explicit connection list fewer ports 5 connected than type's 6
**../final/pnl/chip_top.pnl.v(714214) WARN** [531] clkload101(gf180mcu_fd_sc_mcu7t5v0__clkbuf_2) explicit connection list fewer ports 5 connected than type's 6
**../final/pnl/chip_top.pnl.v(714219) WARN** [531] clkload102(gf180mcu_fd_sc_mcu7t5v0__clkbuf_2) explicit connection list fewer ports 5 connected than type's 6
**../final/pnl/chip_top.pnl.v(714224) WARN** [531] clkload103(gf180mcu_fd_sc_mcu7t5v0__clkbuf_2) explicit connection list fewer ports 5 connected than type's 6
**../final/pnl/chip_top.pnl.v(714229) WARN** [531] clkload104(gf180mcu_fd_sc_mcu7t5v0__clkbuf_4) explicit connection list fewer ports 5 connected than type's 6
**../final/pnl/chip_top.pnl.v(714234) WARN** [531] clkload105(gf180mcu_fd_sc_mcu7t5v0__clkbuf_4) explicit connection list fewer ports 5 connected than type's 6
**../final/pnl/chip_top.pnl.v(714239) WARN** [531] clkload106(gf180mcu_fd_sc_mcu7t5v0__clkbuf_4) explicit connection list fewer ports 5 connected than type's 6
**../final/pnl/chip_top.pnl.v(714244) WARN** [531] clkload107(gf180mcu_fd_sc_mcu7t5v0__clkbuf_4) explicit connection list fewer ports 5 connected than type's 6
**../final/pnl/chip_top.pnl.v(714249) WARN** [531] clkload108(gf180mcu_fd_sc_mcu7t5v0__clkbuf_4) explicit connection list fewer ports 5 connected than type's 6
**../final/pnl/chip_top.pnl.v(714254) WARN** [531] clkload109(gf180mcu_fd_sc_mcu7t5v0__clkbuf_2) explicit connection list fewer ports 5 connected than type's 6
**../final/pnl/chip_top.pnl.v(714259) WARN** [531] clkload11(gf180mcu_fd_sc_mcu7t5v0__clkbuf_8) explicit connection list fewer ports 5 connected than type's 6
**../final/pnl/chip_top.pnl.v(714264) WARN** [531] clkload110(gf180mcu_fd_sc_mcu7t5v0__clkbuf_2) explicit connection list fewer ports 5 connected than type's 6
**../final/pnl/chip_top.pnl.v(714269) WARN** [531] clkload111(gf180mcu_fd_sc_mcu7t5v0__clkbuf_4) explicit connection list fewer ports 5 connected than type's 6
**../final/pnl/chip_top.pnl.v(714274) WARN** [531] clkload112(gf180mcu_fd_sc_mcu7t5v0__clkbuf_4) explicit connection list fewer ports 5 connected than type's 6
**../final/pnl/chip_top.pnl.v(714279) WARN** [531] clkload113(gf180mcu_fd_sc_mcu7t5v0__clkbuf_2) explicit connection list fewer ports 5 connected than type's 6
**../final/pnl/chip_top.pnl.v(714284) WARN** [531] clkload114(gf180mcu_fd_sc_mcu7t5v0__clkbuf_2) explicit connection list fewer ports 5 connected than type's 6
**../final/pnl/chip_top.pnl.v(714289) WARN** [531] clkload115(gf180mcu_fd_sc_mcu7t5v0__clkbuf_4) explicit connection list fewer ports 5 connected than type's 6
**../final/pnl/chip_top.pnl.v(714294) WARN** [531] clkload116(gf180mcu_fd_sc_mcu7t5v0__clkbuf_2) explicit connection list fewer ports 5 connected than type's 6
**../final/pnl/chip_top.pnl.v(714299) WARN** [531] clkload117(gf180mcu_fd_sc_mcu7t5v0__clkbuf_4) explicit connection list fewer ports 5 connected than type's 6
**../final/pnl/chip_top.pnl.v(714304) WARN** [531] clkload118(gf180mcu_fd_sc_mcu7t5v0__clkbuf_4) explicit connection list fewer ports 5 connected than type's 6
**../final/pnl/chip_top.pnl.v(714309) WARN** [531] clkload119(gf180mcu_fd_sc_mcu7t5v0__clkbuf_4) explicit connection list fewer ports 5 connected than type's 6
**../final/pnl/chip_top.pnl.v(714314) WARN** [531] clkload12(gf180mcu_fd_sc_mcu7t5v0__clkinv_2) explicit connection list fewer ports 5 connected than type's 6
**../final/pnl/chip_top.pnl.v(714319) WARN** [531] clkload120(gf180mcu_fd_sc_mcu7t5v0__clkbuf_4) explicit connection list fewer ports 5 connected than type's 6
**../final/pnl/chip_top.pnl.v(714324) WARN** [531] clkload121(gf180mcu_fd_sc_mcu7t5v0__clkbuf_4) explicit connection list fewer ports 5 connected than type's 6
**../final/pnl/chip_top.pnl.v(714329) WARN** [531] clkload122(gf180mcu_fd_sc_mcu7t5v0__clkbuf_2) explicit connection list fewer ports 5 connected than type's 6
**../final/pnl/chip_top.pnl.v(714334) WARN** [531] clkload123(gf180mcu_fd_sc_mcu7t5v0__clkbuf_2) explicit connection list fewer ports 5 connected than type's 6
**../final/pnl/chip_top.pnl.v(714339) WARN** [531] clkload124(gf180mcu_fd_sc_mcu7t5v0__clkbuf_2) explicit connection list fewer ports 5 connected than type's 6
**../final/pnl/chip_top.pnl.v(714344) WARN** [531] clkload125(gf180mcu_fd_sc_mcu7t5v0__clkbuf_2) explicit connection list fewer ports 5 connected than type's 6
**../final/pnl/chip_top.pnl.v(714349) WARN** [531] clkload126(gf180mcu_fd_sc_mcu7t5v0__clkbuf_4) explicit connection list fewer ports 5 connected than type's 6
**../final/pnl/chip_top.pnl.v(714354) WARN** [531] clkload127(gf180mcu_fd_sc_mcu7t5v0__clkbuf_4) explicit connection list fewer ports 5 connected than type's 6
**../final/pnl/chip_top.pnl.v(714359) WARN** [531] clkload128(gf180mcu_fd_sc_mcu7t5v0__clkbuf_2) explicit connection list fewer ports 5 connected than type's 6
**../final/pnl/chip_top.pnl.v(714364) WARN** [531] clkload129(gf180mcu_fd_sc_mcu7t5v0__clkbuf_4) explicit connection list fewer ports 5 connected than type's 6
**../final/pnl/chip_top.pnl.v(714369) WARN** [531] clkload13(gf180mcu_fd_sc_mcu7t5v0__clkinv_2) explicit connection list fewer ports 5 connected than type's 6
**../final/pnl/chip_top.pnl.v(714374) WARN** [531] clkload130(gf180mcu_fd_sc_mcu7t5v0__clkbuf_2) explicit connection list fewer ports 5 connected than type's 6
**../final/pnl/chip_top.pnl.v(714379) WARN** [531] clkload131(gf180mcu_fd_sc_mcu7t5v0__clkbuf_2) explicit connection list fewer ports 5 connected than type's 6
**../final/pnl/chip_top.pnl.v(714384) WARN** [531] clkload132(gf180mcu_fd_sc_mcu7t5v0__clkbuf_4) explicit connection list fewer ports 5 connected than type's 6
**../final/pnl/chip_top.pnl.v(714389) WARN** [531] clkload133(gf180mcu_fd_sc_mcu7t5v0__clkbuf_2) explicit connection list fewer ports 5 connected than type's 6
**../final/pnl/chip_top.pnl.v(714394) WARN** [531] clkload134(gf180mcu_fd_sc_mcu7t5v0__clkbuf_2) explicit connection list fewer ports 5 connected than type's 6
**../final/pnl/chip_top.pnl.v(714399) WARN** [531] clkload135(gf180mcu_fd_sc_mcu7t5v0__clkbuf_2) explicit connection list fewer ports 5 connected than type's 6
**../final/pnl/chip_top.pnl.v(714404) WARN** [531] clkload136(gf180mcu_fd_sc_mcu7t5v0__clkbuf_2) explicit connection list fewer ports 5 connected than type's 6
**../final/pnl/chip_top.pnl.v(714409) WARN** [531] clkload137(gf180mcu_fd_sc_mcu7t5v0__clkbuf_4) explicit connection list fewer ports 5 connected than type's 6
**../final/pnl/chip_top.pnl.v(714414) WARN** [531] clkload138(gf180mcu_fd_sc_mcu7t5v0__clkbuf_2) explicit connection list fewer ports 5 connected than type's 6
**../final/pnl/chip_top.pnl.v(714419) WARN** [531] clkload139(gf180mcu_fd_sc_mcu7t5v0__clkbuf_2) explicit connection list fewer ports 5 connected than type's 6
**../final/pnl/chip_top.pnl.v(714424) WARN** [531] clkload14(gf180mcu_fd_sc_mcu7t5v0__clkbuf_2) explicit connection list fewer ports 5 connected than type's 6
**../final/pnl/chip_top.pnl.v(714429) WARN** [531] clkload140(gf180mcu_fd_sc_mcu7t5v0__clkbuf_4) explicit connection list fewer ports 5 connected than type's 6
**../final/pnl/chip_top.pnl.v(714434) WARN** [531] clkload141(gf180mcu_fd_sc_mcu7t5v0__clkbuf_4) explicit connection list fewer ports 5 connected than type's 6
**../final/pnl/chip_top.pnl.v(714439) WARN** [531] clkload142(gf180mcu_fd_sc_mcu7t5v0__clkbuf_4) explicit connection list fewer ports 5 connected than type's 6
**../final/pnl/chip_top.pnl.v(714444) WARN** [531] clkload143(gf180mcu_fd_sc_mcu7t5v0__clkbuf_2) explicit connection list fewer ports 5 connected than type's 6
**../final/pnl/chip_top.pnl.v(714449) WARN** [531] clkload144(gf180mcu_fd_sc_mcu7t5v0__clkbuf_4) explicit connection list fewer ports 5 connected than type's 6
**../final/pnl/chip_top.pnl.v(714454) WARN** [531] clkload145(gf180mcu_fd_sc_mcu7t5v0__clkbuf_4) explicit connection list fewer ports 5 connected than type's 6
**../final/pnl/chip_top.pnl.v(714459) WARN** [531] clkload146(gf180mcu_fd_sc_mcu7t5v0__inv_2) explicit connection list fewer ports 5 connected than type's 6
**../final/pnl/chip_top.pnl.v(714464) WARN** [531] clkload147(gf180mcu_fd_sc_mcu7t5v0__clkbuf_4) explicit connection list fewer ports 5 connected than type's 6
**../final/pnl/chip_top.pnl.v(714469) WARN** [531] clkload148(gf180mcu_fd_sc_mcu7t5v0__inv_2) explicit connection list fewer ports 5 connected than type's 6
**../final/pnl/chip_top.pnl.v(714474) WARN** [531] clkload149(gf180mcu_fd_sc_mcu7t5v0__clkbuf_2) explicit connection list fewer ports 5 connected than type's 6
**../final/pnl/chip_top.pnl.v(714479) WARN** [531] clkload15(gf180mcu_fd_sc_mcu7t5v0__inv_4) explicit connection list fewer ports 5 connected than type's 6
**../final/pnl/chip_top.pnl.v(714484) WARN** [531] clkload150(gf180mcu_fd_sc_mcu7t5v0__clkbuf_2) explicit connection list fewer ports 5 connected than type's 6
**../final/pnl/chip_top.pnl.v(714489) WARN** [531] clkload151(gf180mcu_fd_sc_mcu7t5v0__clkbuf_4) explicit connection list fewer ports 5 connected than type's 6
**../final/pnl/chip_top.pnl.v(714494) WARN** [531] clkload152(gf180mcu_fd_sc_mcu7t5v0__clkbuf_2) explicit connection list fewer ports 5 connected than type's 6
**../final/pnl/chip_top.pnl.v(714499) WARN** [531] clkload153(gf180mcu_fd_sc_mcu7t5v0__clkbuf_2) explicit connection list fewer ports 5 connected than type's 6
**../final/pnl/chip_top.pnl.v(714504) WARN** [531] clkload154(gf180mcu_fd_sc_mcu7t5v0__clkbuf_2) explicit connection list fewer ports 5 connected than type's 6
**../final/pnl/chip_top.pnl.v(714509) WARN** [531] clkload155(gf180mcu_fd_sc_mcu7t5v0__clkbuf_2) explicit connection list fewer ports 5 connected than type's 6
**../final/pnl/chip_top.pnl.v(714514) WARN** [531] clkload156(gf180mcu_fd_sc_mcu7t5v0__clkbuf_2) explicit connection list fewer ports 5 connected than type's 6
**../final/pnl/chip_top.pnl.v(714519) WARN** [531] clkload157(gf180mcu_fd_sc_mcu7t5v0__clkbuf_2) explicit connection list fewer ports 5 connected than type's 6
**../final/pnl/chip_top.pnl.v(714524) WARN** [531] clkload158(gf180mcu_fd_sc_mcu7t5v0__clkbuf_2) explicit connection list fewer ports 5 connected than type's 6
**../final/pnl/chip_top.pnl.v(714529) WARN** [531] clkload159(gf180mcu_fd_sc_mcu7t5v0__clkbuf_2) explicit connection list fewer ports 5 connected than type's 6
**../final/pnl/chip_top.pnl.v(714534) WARN** [531] clkload16(gf180mcu_fd_sc_mcu7t5v0__clkbuf_8) explicit connection list fewer ports 5 connected than type's 6
**../final/pnl/chip_top.pnl.v(714539) WARN** [531] clkload160(gf180mcu_fd_sc_mcu7t5v0__clkbuf_2) explicit connection list fewer ports 5 connected than type's 6
**../final/pnl/chip_top.pnl.v(714544) WARN** [531] clkload161(gf180mcu_fd_sc_mcu7t5v0__clkbuf_2) explicit connection list fewer ports 5 connected than type's 6
**../final/pnl/chip_top.pnl.v(714549) WARN** [531] clkload162(gf180mcu_fd_sc_mcu7t5v0__clkbuf_2) explicit connection list fewer ports 5 connected than type's 6
**../final/pnl/chip_top.pnl.v(714554) WARN** [531] clkload163(gf180mcu_fd_sc_mcu7t5v0__clkbuf_4) explicit connection list fewer ports 5 connected than type's 6
**../final/pnl/chip_top.pnl.v(714559) WARN** [531] clkload164(gf180mcu_fd_sc_mcu7t5v0__clkbuf_4) explicit connection list fewer ports 5 connected than type's 6
**../final/pnl/chip_top.pnl.v(714564) WARN** [531] clkload165(gf180mcu_fd_sc_mcu7t5v0__clkbuf_2) explicit connection list fewer ports 5 connected than type's 6
**../final/pnl/chip_top.pnl.v(714569) WARN** [531] clkload166(gf180mcu_fd_sc_mcu7t5v0__clkbuf_2) explicit connection list fewer ports 5 connected than type's 6
**../final/pnl/chip_top.pnl.v(714574) WARN** [531] clkload167(gf180mcu_fd_sc_mcu7t5v0__clkbuf_2) explicit connection list fewer ports 5 connected than type's 6
**../final/pnl/chip_top.pnl.v(714579) WARN** [531] clkload168(gf180mcu_fd_sc_mcu7t5v0__clkbuf_2) explicit connection list fewer ports 5 connected than type's 6
**../final/pnl/chip_top.pnl.v(714584) WARN** [531] clkload169(gf180mcu_fd_sc_mcu7t5v0__clkbuf_2) explicit connection list fewer ports 5 connected than type's 6
**../final/pnl/chip_top.pnl.v(714589) WARN** [531] clkload17(gf180mcu_fd_sc_mcu7t5v0__clkinv_4) explicit connection list fewer ports 5 connected than type's 6
**../final/pnl/chip_top.pnl.v(714594) WARN** [531] clkload170(gf180mcu_fd_sc_mcu7t5v0__clkbuf_2) explicit connection list fewer ports 5 connected than type's 6
**../final/pnl/chip_top.pnl.v(714599) WARN** [531] clkload171(gf180mcu_fd_sc_mcu7t5v0__clkbuf_4) explicit connection list fewer ports 5 connected than type's 6
**../final/pnl/chip_top.pnl.v(714604) WARN** [531] clkload172(gf180mcu_fd_sc_mcu7t5v0__clkbuf_4) explicit connection list fewer ports 5 connected than type's 6
**../final/pnl/chip_top.pnl.v(714609) WARN** [531] clkload173(gf180mcu_fd_sc_mcu7t5v0__inv_3) explicit connection list fewer ports 5 connected than type's 6
**../final/pnl/chip_top.pnl.v(714614) WARN** [531] clkload174(gf180mcu_fd_sc_mcu7t5v0__inv_2) explicit connection list fewer ports 5 connected than type's 6
**../final/pnl/chip_top.pnl.v(714619) WARN** [531] clkload175(gf180mcu_fd_sc_mcu7t5v0__clkbuf_4) explicit connection list fewer ports 5 connected than type's 6
**../final/pnl/chip_top.pnl.v(714624) WARN** [531] clkload176(gf180mcu_fd_sc_mcu7t5v0__clkbuf_4) explicit connection list fewer ports 5 connected than type's 6
**../final/pnl/chip_top.pnl.v(714629) WARN** [531] clkload177(gf180mcu_fd_sc_mcu7t5v0__clkbuf_4) explicit connection list fewer ports 5 connected than type's 6
**../final/pnl/chip_top.pnl.v(714634) WARN** [531] clkload178(gf180mcu_fd_sc_mcu7t5v0__clkbuf_2) explicit connection list fewer ports 5 connected than type's 6
**../final/pnl/chip_top.pnl.v(714639) WARN** [531] clkload179(gf180mcu_fd_sc_mcu7t5v0__clkbuf_2) explicit connection list fewer ports 5 connected than type's 6
**../final/pnl/chip_top.pnl.v(714644) WARN** [531] clkload18(gf180mcu_fd_sc_mcu7t5v0__clkbuf_2) explicit connection list fewer ports 5 connected than type's 6
**../final/pnl/chip_top.pnl.v(714649) WARN** [531] clkload180(gf180mcu_fd_sc_mcu7t5v0__clkbuf_2) explicit connection list fewer ports 5 connected than type's 6
**../final/pnl/chip_top.pnl.v(714654) WARN** [531] clkload181(gf180mcu_fd_sc_mcu7t5v0__clkbuf_2) explicit connection list fewer ports 5 connected than type's 6
**../final/pnl/chip_top.pnl.v(714659) WARN** [531] clkload182(gf180mcu_fd_sc_mcu7t5v0__clkbuf_4) explicit connection list fewer ports 5 connected than type's 6
**../final/pnl/chip_top.pnl.v(714664) WARN** [531] clkload183(gf180mcu_fd_sc_mcu7t5v0__clkbuf_4) explicit connection list fewer ports 5 connected than type's 6
**../final/pnl/chip_top.pnl.v(714669) WARN** [531] clkload184(gf180mcu_fd_sc_mcu7t5v0__clkbuf_2) explicit connection list fewer ports 5 connected than type's 6
**../final/pnl/chip_top.pnl.v(714674) WARN** [531] clkload185(gf180mcu_fd_sc_mcu7t5v0__clkbuf_2) explicit connection list fewer ports 5 connected than type's 6
**../final/pnl/chip_top.pnl.v(714679) WARN** [531] clkload186(gf180mcu_fd_sc_mcu7t5v0__clkbuf_2) explicit connection list fewer ports 5 connected than type's 6
**../final/pnl/chip_top.pnl.v(714684) WARN** [531] clkload187(gf180mcu_fd_sc_mcu7t5v0__clkbuf_2) explicit connection list fewer ports 5 connected than type's 6
**../final/pnl/chip_top.pnl.v(714689) WARN** [531] clkload188(gf180mcu_fd_sc_mcu7t5v0__clkbuf_2) explicit connection list fewer ports 5 connected than type's 6
**../final/pnl/chip_top.pnl.v(714694) WARN** [531] clkload189(gf180mcu_fd_sc_mcu7t5v0__clkbuf_2) explicit connection list fewer ports 5 connected than type's 6
**../final/pnl/chip_top.pnl.v(714699) WARN** [531] clkload19(gf180mcu_fd_sc_mcu7t5v0__clkinv_2) explicit connection list fewer ports 5 connected than type's 6
**../final/pnl/chip_top.pnl.v(714704) WARN** [531] clkload190(gf180mcu_fd_sc_mcu7t5v0__clkbuf_2) explicit connection list fewer ports 5 connected than type's 6
**../final/pnl/chip_top.pnl.v(714709) WARN** [531] clkload191(gf180mcu_fd_sc_mcu7t5v0__clkbuf_4) explicit connection list fewer ports 5 connected than type's 6
**../final/pnl/chip_top.pnl.v(714714) WARN** [531] clkload192(gf180mcu_fd_sc_mcu7t5v0__clkbuf_4) explicit connection list fewer ports 5 connected than type's 6
**../final/pnl/chip_top.pnl.v(714719) WARN** [531] clkload193(gf180mcu_fd_sc_mcu7t5v0__clkbuf_2) explicit connection list fewer ports 5 connected than type's 6
**../final/pnl/chip_top.pnl.v(714724) WARN** [531] clkload194(gf180mcu_fd_sc_mcu7t5v0__clkbuf_2) explicit connection list fewer ports 5 connected than type's 6
**../final/pnl/chip_top.pnl.v(714729) WARN** [531] clkload195(gf180mcu_fd_sc_mcu7t5v0__clkbuf_2) explicit connection list fewer ports 5 connected than type's 6
**../final/pnl/chip_top.pnl.v(714734) WARN** [531] clkload196(gf180mcu_fd_sc_mcu7t5v0__inv_2) explicit connection list fewer ports 5 connected than type's 6
**../final/pnl/chip_top.pnl.v(714739) WARN** [531] clkload197(gf180mcu_fd_sc_mcu7t5v0__inv_2) explicit connection list fewer ports 5 connected than type's 6
**../final/pnl/chip_top.pnl.v(714744) WARN** [531] clkload198(gf180mcu_fd_sc_mcu7t5v0__inv_2) explicit connection list fewer ports 5 connected than type's 6
**../final/pnl/chip_top.pnl.v(714749) WARN** [531] clkload199(gf180mcu_fd_sc_mcu7t5v0__inv_2) explicit connection list fewer ports 5 connected than type's 6
**../final/pnl/chip_top.pnl.v(714754) WARN** [531] clkload2(gf180mcu_fd_sc_mcu7t5v0__inv_20) explicit connection list fewer ports 5 connected than type's 6
**../final/pnl/chip_top.pnl.v(714759) WARN** [531] clkload20(gf180mcu_fd_sc_mcu7t5v0__clkbuf_2) explicit connection list fewer ports 5 connected than type's 6
**../final/pnl/chip_top.pnl.v(714764) WARN** [531] clkload200(gf180mcu_fd_sc_mcu7t5v0__clkbuf_4) explicit connection list fewer ports 5 connected than type's 6
**../final/pnl/chip_top.pnl.v(714769) WARN** [531] clkload201(gf180mcu_fd_sc_mcu7t5v0__clkbuf_2) explicit connection list fewer ports 5 connected than type's 6
**../final/pnl/chip_top.pnl.v(714774) WARN** [531] clkload202(gf180mcu_fd_sc_mcu7t5v0__clkbuf_4) explicit connection list fewer ports 5 connected than type's 6
**../final/pnl/chip_top.pnl.v(714779) WARN** [531] clkload203(gf180mcu_fd_sc_mcu7t5v0__clkbuf_4) explicit connection list fewer ports 5 connected than type's 6
**../final/pnl/chip_top.pnl.v(714784) WARN** [531] clkload204(gf180mcu_fd_sc_mcu7t5v0__clkbuf_2) explicit connection list fewer ports 5 connected than type's 6
**../final/pnl/chip_top.pnl.v(714789) WARN** [531] clkload205(gf180mcu_fd_sc_mcu7t5v0__clkbuf_4) explicit connection list fewer ports 5 connected than type's 6
**../final/pnl/chip_top.pnl.v(714794) WARN** [531] clkload206(gf180mcu_fd_sc_mcu7t5v0__clkbuf_4) explicit connection list fewer ports 5 connected than type's 6
**../final/pnl/chip_top.pnl.v(714799) WARN** [531] clkload207(gf180mcu_fd_sc_mcu7t5v0__clkbuf_2) explicit connection list fewer ports 5 connected than type's 6
**../final/pnl/chip_top.pnl.v(714804) WARN** [531] clkload208(gf180mcu_fd_sc_mcu7t5v0__inv_2) explicit connection list fewer ports 5 connected than type's 6
**../final/pnl/chip_top.pnl.v(714809) WARN** [531] clkload209(gf180mcu_fd_sc_mcu7t5v0__inv_2) explicit connection list fewer ports 5 connected than type's 6
**../final/pnl/chip_top.pnl.v(714814) WARN** [531] clkload21(gf180mcu_fd_sc_mcu7t5v0__clkinv_4) explicit connection list fewer ports 5 connected than type's 6
**../final/pnl/chip_top.pnl.v(714819) WARN** [531] clkload210(gf180mcu_fd_sc_mcu7t5v0__inv_2) explicit connection list fewer ports 5 connected than type's 6
**../final/pnl/chip_top.pnl.v(714824) WARN** [531] clkload211(gf180mcu_fd_sc_mcu7t5v0__inv_2) explicit connection list fewer ports 5 connected than type's 6
**../final/pnl/chip_top.pnl.v(714829) WARN** [531] clkload212(gf180mcu_fd_sc_mcu7t5v0__inv_2) explicit connection list fewer ports 5 connected than type's 6
**../final/pnl/chip_top.pnl.v(714834) WARN** [531] clkload213(gf180mcu_fd_sc_mcu7t5v0__clkbuf_4) explicit connection list fewer ports 5 connected than type's 6
**../final/pnl/chip_top.pnl.v(714839) WARN** [531] clkload214(gf180mcu_fd_sc_mcu7t5v0__clkbuf_2) explicit connection list fewer ports 5 connected than type's 6
**../final/pnl/chip_top.pnl.v(714844) WARN** [531] clkload215(gf180mcu_fd_sc_mcu7t5v0__clkbuf_4) explicit connection list fewer ports 5 connected than type's 6
**../final/pnl/chip_top.pnl.v(714849) WARN** [531] clkload22(gf180mcu_fd_sc_mcu7t5v0__clkinv_8) explicit connection list fewer ports 5 connected than type's 6
**../final/pnl/chip_top.pnl.v(714854) WARN** [531] clkload23(gf180mcu_fd_sc_mcu7t5v0__clkinv_2) explicit connection list fewer ports 5 connected than type's 6
**../final/pnl/chip_top.pnl.v(714859) WARN** [531] clkload24(gf180mcu_fd_sc_mcu7t5v0__inv_4) explicit connection list fewer ports 5 connected than type's 6
**../final/pnl/chip_top.pnl.v(714864) WARN** [531] clkload25(gf180mcu_fd_sc_mcu7t5v0__clkinv_2) explicit connection list fewer ports 5 connected than type's 6
**../final/pnl/chip_top.pnl.v(714869) WARN** [531] clkload26(gf180mcu_fd_sc_mcu7t5v0__clkinv_4) explicit connection list fewer ports 5 connected than type's 6
**../final/pnl/chip_top.pnl.v(714874) WARN** [531] clkload27(gf180mcu_fd_sc_mcu7t5v0__clkinv_4) explicit connection list fewer ports 5 connected than type's 6
**../final/pnl/chip_top.pnl.v(714879) WARN** [531] clkload28(gf180mcu_fd_sc_mcu7t5v0__clkbuf_8) explicit connection list fewer ports 5 connected than type's 6
**../final/pnl/chip_top.pnl.v(714884) WARN** [531] clkload29(gf180mcu_fd_sc_mcu7t5v0__clkinv_4) explicit connection list fewer ports 5 connected than type's 6
**../final/pnl/chip_top.pnl.v(714889) WARN** [531] clkload3(gf180mcu_fd_sc_mcu7t5v0__inv_20) explicit connection list fewer ports 5 connected than type's 6
**../final/pnl/chip_top.pnl.v(714894) WARN** [531] clkload30(gf180mcu_fd_sc_mcu7t5v0__inv_8) explicit connection list fewer ports 5 connected than type's 6
**../final/pnl/chip_top.pnl.v(714899) WARN** [531] clkload31(gf180mcu_fd_sc_mcu7t5v0__clkbuf_8) explicit connection list fewer ports 5 connected than type's 6
**../final/pnl/chip_top.pnl.v(714904) WARN** [531] clkload32(gf180mcu_fd_sc_mcu7t5v0__inv_4) explicit connection list fewer ports 5 connected than type's 6
**../final/pnl/chip_top.pnl.v(714909) WARN** [531] clkload33(gf180mcu_fd_sc_mcu7t5v0__clkinv_2) explicit connection list fewer ports 5 connected than type's 6
**../final/pnl/chip_top.pnl.v(714914) WARN** [531] clkload34(gf180mcu_fd_sc_mcu7t5v0__clkinv_4) explicit connection list fewer ports 5 connected than type's 6
**../final/pnl/chip_top.pnl.v(714919) WARN** [531] clkload35(gf180mcu_fd_sc_mcu7t5v0__clkbuf_8) explicit connection list fewer ports 5 connected than type's 6
**../final/pnl/chip_top.pnl.v(714924) WARN** [531] clkload36(gf180mcu_fd_sc_mcu7t5v0__clkbuf_8) explicit connection list fewer ports 5 connected than type's 6
**../final/pnl/chip_top.pnl.v(714929) WARN** [531] clkload37(gf180mcu_fd_sc_mcu7t5v0__inv_4) explicit connection list fewer ports 5 connected than type's 6
**../final/pnl/chip_top.pnl.v(714934) WARN** [531] clkload38(gf180mcu_fd_sc_mcu7t5v0__clkinv_2) explicit connection list fewer ports 5 connected than type's 6
**../final/pnl/chip_top.pnl.v(714939) WARN** [531] clkload39(gf180mcu_fd_sc_mcu7t5v0__inv_4) explicit connection list fewer ports 5 connected than type's 6
**../final/pnl/chip_top.pnl.v(714944) WARN** [531] clkload4(gf180mcu_fd_sc_mcu7t5v0__inv_20) explicit connection list fewer ports 5 connected than type's 6
**../final/pnl/chip_top.pnl.v(714949) WARN** [531] clkload40(gf180mcu_fd_sc_mcu7t5v0__clkbuf_2) explicit connection list fewer ports 5 connected than type's 6
**../final/pnl/chip_top.pnl.v(714954) WARN** [531] clkload41(gf180mcu_fd_sc_mcu7t5v0__clkinv_8) explicit connection list fewer ports 5 connected than type's 6
**../final/pnl/chip_top.pnl.v(714959) WARN** [531] clkload42(gf180mcu_fd_sc_mcu7t5v0__clkinv_2) explicit connection list fewer ports 5 connected than type's 6
**../final/pnl/chip_top.pnl.v(714964) WARN** [531] clkload43(gf180mcu_fd_sc_mcu7t5v0__clkinv_2) explicit connection list fewer ports 5 connected than type's 6
**../final/pnl/chip_top.pnl.v(714969) WARN** [531] clkload44(gf180mcu_fd_sc_mcu7t5v0__inv_4) explicit connection list fewer ports 5 connected than type's 6
**../final/pnl/chip_top.pnl.v(714974) WARN** [531] clkload45(gf180mcu_fd_sc_mcu7t5v0__clkinv_4) explicit connection list fewer ports 5 connected than type's 6
**../final/pnl/chip_top.pnl.v(714979) WARN** [531] clkload46(gf180mcu_fd_sc_mcu7t5v0__inv_4) explicit connection list fewer ports 5 connected than type's 6
**../final/pnl/chip_top.pnl.v(714984) WARN** [531] clkload47(gf180mcu_fd_sc_mcu7t5v0__clkbuf_8) explicit connection list fewer ports 5 connected than type's 6
**../final/pnl/chip_top.pnl.v(714989) WARN** [531] clkload48(gf180mcu_fd_sc_mcu7t5v0__inv_4) explicit connection list fewer ports 5 connected than type's 6
**../final/pnl/chip_top.pnl.v(714994) WARN** [531] clkload49(gf180mcu_fd_sc_mcu7t5v0__clkbuf_8) explicit connection list fewer ports 5 connected than type's 6
**../final/pnl/chip_top.pnl.v(714999) WARN** [531] clkload5(gf180mcu_fd_sc_mcu7t5v0__clkinv_4) explicit connection list fewer ports 5 connected than type's 6
**../final/pnl/chip_top.pnl.v(715004) WARN** [531] clkload50(gf180mcu_fd_sc_mcu7t5v0__inv_4) explicit connection list fewer ports 5 connected than type's 6
**../final/pnl/chip_top.pnl.v(715009) WARN** [531] clkload51(gf180mcu_fd_sc_mcu7t5v0__inv_4) explicit connection list fewer ports 5 connected than type's 6
**../final/pnl/chip_top.pnl.v(715014) WARN** [531] clkload52(gf180mcu_fd_sc_mcu7t5v0__inv_4) explicit connection list fewer ports 5 connected than type's 6
**../final/pnl/chip_top.pnl.v(715019) WARN** [531] clkload53(gf180mcu_fd_sc_mcu7t5v0__clkbuf_4) explicit connection list fewer ports 5 connected than type's 6
**../final/pnl/chip_top.pnl.v(715024) WARN** [531] clkload54(gf180mcu_fd_sc_mcu7t5v0__clkbuf_2) explicit connection list fewer ports 5 connected than type's 6
**../final/pnl/chip_top.pnl.v(715029) WARN** [531] clkload55(gf180mcu_fd_sc_mcu7t5v0__clkbuf_2) explicit connection list fewer ports 5 connected than type's 6
**../final/pnl/chip_top.pnl.v(715034) WARN** [531] clkload56(gf180mcu_fd_sc_mcu7t5v0__clkbuf_2) explicit connection list fewer ports 5 connected than type's 6
**../final/pnl/chip_top.pnl.v(715039) WARN** [531] clkload57(gf180mcu_fd_sc_mcu7t5v0__clkbuf_2) explicit connection list fewer ports 5 connected than type's 6
**../final/pnl/chip_top.pnl.v(715044) WARN** [531] clkload58(gf180mcu_fd_sc_mcu7t5v0__clkbuf_4) explicit connection list fewer ports 5 connected than type's 6
**../final/pnl/chip_top.pnl.v(715049) WARN** [531] clkload59(gf180mcu_fd_sc_mcu7t5v0__clkbuf_4) explicit connection list fewer ports 5 connected than type's 6
**../final/pnl/chip_top.pnl.v(715054) WARN** [531] clkload6(gf180mcu_fd_sc_mcu7t5v0__clkinv_2) explicit connection list fewer ports 5 connected than type's 6
**../final/pnl/chip_top.pnl.v(715059) WARN** [531] clkload60(gf180mcu_fd_sc_mcu7t5v0__clkbuf_2) explicit connection list fewer ports 5 connected than type's 6
**../final/pnl/chip_top.pnl.v(715064) WARN** [531] clkload61(gf180mcu_fd_sc_mcu7t5v0__clkbuf_2) explicit connection list fewer ports 5 connected than type's 6
**../final/pnl/chip_top.pnl.v(715069) WARN** [531] clkload62(gf180mcu_fd_sc_mcu7t5v0__clkbuf_2) explicit connection list fewer ports 5 connected than type's 6
**../final/pnl/chip_top.pnl.v(715074) WARN** [531] clkload63(gf180mcu_fd_sc_mcu7t5v0__clkbuf_4) explicit connection list fewer ports 5 connected than type's 6
**../final/pnl/chip_top.pnl.v(715079) WARN** [531] clkload64(gf180mcu_fd_sc_mcu7t5v0__clkbuf_4) explicit connection list fewer ports 5 connected than type's 6
**../final/pnl/chip_top.pnl.v(715084) WARN** [531] clkload65(gf180mcu_fd_sc_mcu7t5v0__clkbuf_4) explicit connection list fewer ports 5 connected than type's 6
**../final/pnl/chip_top.pnl.v(715089) WARN** [531] clkload66(gf180mcu_fd_sc_mcu7t5v0__clkbuf_2) explicit connection list fewer ports 5 connected than type's 6
**../final/pnl/chip_top.pnl.v(715094) WARN** [531] clkload67(gf180mcu_fd_sc_mcu7t5v0__clkbuf_2) explicit connection list fewer ports 5 connected than type's 6
**../final/pnl/chip_top.pnl.v(715099) WARN** [531] clkload68(gf180mcu_fd_sc_mcu7t5v0__clkbuf_2) explicit connection list fewer ports 5 connected than type's 6
**../final/pnl/chip_top.pnl.v(715104) WARN** [531] clkload69(gf180mcu_fd_sc_mcu7t5v0__clkbuf_2) explicit connection list fewer ports 5 connected than type's 6
**../final/pnl/chip_top.pnl.v(715109) WARN** [531] clkload7(gf180mcu_fd_sc_mcu7t5v0__clkinv_2) explicit connection list fewer ports 5 connected than type's 6
**../final/pnl/chip_top.pnl.v(715114) WARN** [531] clkload70(gf180mcu_fd_sc_mcu7t5v0__clkbuf_2) explicit connection list fewer ports 5 connected than type's 6
**../final/pnl/chip_top.pnl.v(715119) WARN** [531] clkload71(gf180mcu_fd_sc_mcu7t5v0__clkbuf_2) explicit connection list fewer ports 5 connected than type's 6
**../final/pnl/chip_top.pnl.v(715124) WARN** [531] clkload72(gf180mcu_fd_sc_mcu7t5v0__clkbuf_2) explicit connection list fewer ports 5 connected than type's 6
**../final/pnl/chip_top.pnl.v(715129) WARN** [531] clkload73(gf180mcu_fd_sc_mcu7t5v0__clkbuf_2) explicit connection list fewer ports 5 connected than type's 6
**../final/pnl/chip_top.pnl.v(715134) WARN** [531] clkload74(gf180mcu_fd_sc_mcu7t5v0__clkbuf_4) explicit connection list fewer ports 5 connected than type's 6
**../final/pnl/chip_top.pnl.v(715139) WARN** [531] clkload75(gf180mcu_fd_sc_mcu7t5v0__clkbuf_4) explicit connection list fewer ports 5 connected than type's 6
**../final/pnl/chip_top.pnl.v(715144) WARN** [531] clkload76(gf180mcu_fd_sc_mcu7t5v0__clkbuf_4) explicit connection list fewer ports 5 connected than type's 6
**../final/pnl/chip_top.pnl.v(715149) WARN** [531] clkload77(gf180mcu_fd_sc_mcu7t5v0__clkbuf_4) explicit connection list fewer ports 5 connected than type's 6
**../final/pnl/chip_top.pnl.v(715154) WARN** [531] clkload78(gf180mcu_fd_sc_mcu7t5v0__clkbuf_2) explicit connection list fewer ports 5 connected than type's 6
**../final/pnl/chip_top.pnl.v(715159) WARN** [531] clkload79(gf180mcu_fd_sc_mcu7t5v0__clkbuf_2) explicit connection list fewer ports 5 connected than type's 6
**../final/pnl/chip_top.pnl.v(715164) WARN** [531] clkload8(gf180mcu_fd_sc_mcu7t5v0__clkbuf_2) explicit connection list fewer ports 5 connected than type's 6
**../final/pnl/chip_top.pnl.v(715169) WARN** [531] clkload80(gf180mcu_fd_sc_mcu7t5v0__clkbuf_2) explicit connection list fewer ports 5 connected than type's 6
**../final/pnl/chip_top.pnl.v(715174) WARN** [531] clkload81(gf180mcu_fd_sc_mcu7t5v0__clkbuf_2) explicit connection list fewer ports 5 connected than type's 6
**../final/pnl/chip_top.pnl.v(715179) WARN** [531] clkload82(gf180mcu_fd_sc_mcu7t5v0__clkbuf_2) explicit connection list fewer ports 5 connected than type's 6
**../final/pnl/chip_top.pnl.v(715184) WARN** [531] clkload83(gf180mcu_fd_sc_mcu7t5v0__clkbuf_2) explicit connection list fewer ports 5 connected than type's 6
**../final/pnl/chip_top.pnl.v(715189) WARN** [531] clkload84(gf180mcu_fd_sc_mcu7t5v0__clkbuf_2) explicit connection list fewer ports 5 connected than type's 6
**../final/pnl/chip_top.pnl.v(715194) WARN** [531] clkload85(gf180mcu_fd_sc_mcu7t5v0__clkbuf_2) explicit connection list fewer ports 5 connected than type's 6
**../final/pnl/chip_top.pnl.v(715199) WARN** [531] clkload86(gf180mcu_fd_sc_mcu7t5v0__clkbuf_2) explicit connection list fewer ports 5 connected than type's 6
**../final/pnl/chip_top.pnl.v(715204) WARN** [531] clkload87(gf180mcu_fd_sc_mcu7t5v0__clkbuf_2) explicit connection list fewer ports 5 connected than type's 6
**../final/pnl/chip_top.pnl.v(715209) WARN** [531] clkload88(gf180mcu_fd_sc_mcu7t5v0__clkbuf_4) explicit connection list fewer ports 5 connected than type's 6
**../final/pnl/chip_top.pnl.v(715214) WARN** [531] clkload89(gf180mcu_fd_sc_mcu7t5v0__clkbuf_4) explicit connection list fewer ports 5 connected than type's 6
**../final/pnl/chip_top.pnl.v(715219) WARN** [531] clkload9(gf180mcu_fd_sc_mcu7t5v0__inv_4) explicit connection list fewer ports 5 connected than type's 6
**../final/pnl/chip_top.pnl.v(715224) WARN** [531] clkload90(gf180mcu_fd_sc_mcu7t5v0__clkbuf_2) explicit connection list fewer ports 5 connected than type's 6
**../final/pnl/chip_top.pnl.v(715229) WARN** [531] clkload91(gf180mcu_fd_sc_mcu7t5v0__clkbuf_4) explicit connection list fewer ports 5 connected than type's 6
**../final/pnl/chip_top.pnl.v(715234) WARN** [531] clkload92(gf180mcu_fd_sc_mcu7t5v0__clkbuf_4) explicit connection list fewer ports 5 connected than type's 6
**../final/pnl/chip_top.pnl.v(715239) WARN** [531] clkload93(gf180mcu_fd_sc_mcu7t5v0__clkbuf_4) explicit connection list fewer ports 5 connected than type's 6
**../final/pnl/chip_top.pnl.v(715244) WARN** [531] clkload94(gf180mcu_fd_sc_mcu7t5v0__clkbuf_2) explicit connection list fewer ports 5 connected than type's 6
**../final/pnl/chip_top.pnl.v(715249) WARN** [531] clkload95(gf180mcu_fd_sc_mcu7t5v0__clkbuf_2) explicit connection list fewer ports 5 connected than type's 6
**../final/pnl/chip_top.pnl.v(715254) WARN** [531] clkload96(gf180mcu_fd_sc_mcu7t5v0__inv_2) explicit connection list fewer ports 5 connected than type's 6
**../final/pnl/chip_top.pnl.v(715259) WARN** [531] clkload97(gf180mcu_fd_sc_mcu7t5v0__clkbuf_2) explicit connection list fewer ports 5 connected than type's 6
**../final/pnl/chip_top.pnl.v(715264) WARN** [531] clkload98(gf180mcu_fd_sc_mcu7t5v0__clkbuf_2) explicit connection list fewer ports 5 connected than type's 6
**../final/pnl/chip_top.pnl.v(715269) WARN** [531] clkload99(gf180mcu_fd_sc_mcu7t5v0__clkbuf_2) explicit connection list fewer ports 5 connected than type's 6
**../final/pnl/chip_top.pnl.v(721955) WARN** [531] wafer_space_logo(gf180mcu_ws_ip__logo) implicit connection list fewer ports 0 connected than type's 1
  Unable to begin simulation.
End of OSS_CVC_7.00b-x86_64-rhel6x at Sat Jun  6 20:21:35 2026 (elapsed 1.6 seconds).
